// Jest Snapshot v1, https://goo.gl/fbAQLP

exports[`renders correctly react-test-renderer 1`] = `
<ForwardRef(styled.button)
  onClick={[Function]}
>
  Create an account
</ForwardRef(styled.button)>
`;
